// Jest Snapshot v1, https://goo.gl/fbAQLP

exports[`PizzaCard Renders snapshot correctly 1`] = `
<DocumentFragment>
  <div
    class="MuiPaper-root MuiPaper-elevation MuiPaper-rounded MuiPaper-elevation1 MuiCard-root css-1peorf8-MuiPaper-root-MuiCard-root"
    data-testid="MARKETPLACE_PIZZA_CARD"
  >
    <img
      alt="delicious pizza"
      class="MuiCardMedia-root MuiCardMedia-media MuiCardMedia-img css-o69gx8-MuiCardMedia-root"
      height="140"
      src="pizza.png"
    />
    <div
      class="MuiCardContent-root css-46bh2p-MuiCardContent-root"
    >
      <div
        class="MuiTypography-root MuiTypography-h5 MuiTypography-gutterBottom css-h93ljk-MuiTypography-root"
      >
        Margherita
      </div>
      <p
        class="MuiTypography-root MuiTypography-body2 css-r40f8v-MuiTypography-root"
      >
        Plain and boring
      </p>
      <p
        class="MuiTypography-root MuiTypography-body1 css-ahj2mt-MuiTypography-root"
      >
        $10
      </p>
    </div>
    <div
      class="MuiCardActions-root MuiCardActions-spacing css-1t6e9jv-MuiCardActions-root"
    >
      <button
        class="MuiButtonBase-root MuiButton-root MuiButton-text MuiButton-textPrimary MuiButton-sizeSmall MuiButton-textSizeSmall css-1knaqv7-MuiButtonBase-root-MuiButton-root"
        data-testid="MARKETPLACE_ADD_PIZZA_TO_CART"
        tabindex="0"
        type="button"
      >
        Add to cart
        <span
          class="MuiTouchRipple-root css-8je8zh-MuiTouchRipple-root"
        />
      </button>
    </div>
  </div>
  <div
    class="Toastify"
  />
</DocumentFragment>
`;

exports[`PizzaCard should match previous snapshot 1`] = `
<DocumentFragment>
  <div
    class="MuiPaper-root MuiPaper-elevation MuiPaper-rounded MuiPaper-elevation1 MuiCard-root css-1peorf8-MuiPaper-root-MuiCard-root"
    data-testid="MARKETPLACE_PIZZA_CARD"
  >
    <img
      alt="delicious pizza"
      class="MuiCardMedia-root MuiCardMedia-media MuiCardMedia-img css-o69gx8-MuiCardMedia-root"
      height="140"
      src="pizza.png"
    />
    <div
      class="MuiCardContent-root css-46bh2p-MuiCardContent-root"
    >
      <div
        class="MuiTypography-root MuiTypography-h5 MuiTypography-gutterBottom css-h93ljk-MuiTypography-root"
      >
        Margherita
      </div>
      <p
        class="MuiTypography-root MuiTypography-body2 css-r40f8v-MuiTypography-root"
      >
        Plain and boring
      </p>
      <p
        class="MuiTypography-root MuiTypography-body1 css-ahj2mt-MuiTypography-root"
      >
        $10
      </p>
    </div>
    <div
      class="MuiCardActions-root MuiCardActions-spacing css-1t6e9jv-MuiCardActions-root"
    >
      <button
        class="MuiButtonBase-root MuiButton-root MuiButton-text MuiButton-textPrimary MuiButton-sizeSmall MuiButton-textSizeSmall css-1knaqv7-MuiButtonBase-root-MuiButton-root"
        data-testid="MARKETPLACE_ADD_PIZZA_TO_CART"
        tabindex="0"
        type="button"
      >
        Add to cart
        <span
          class="MuiTouchRipple-root css-8je8zh-MuiTouchRipple-root"
        />
      </button>
    </div>
  </div>
  <div
    class="Toastify"
  />
</DocumentFragment>
`;
